// Jest Snapshot v1, https://goo.gl/fbAQLP

exports[`StackNavigate renders correctly 1`] = `
<mocked-Navigator
  screenOptions={
    {
      "headerShown": false,
    }
  }
>
  <mocked-Screen
    component={[Function]}
    name="AddUserDataScreen"
  />
  <mocked-Screen
    component={[Function]}
    name="GetUserData"
  />
</mocked-Navigator>
`;
